10:44:19 **** Auto Build of configuration Debug for project LUDH ****
make pre-build main-build 
a9-linaro-pre-build-step
 
Building file: ../src/helloworld.c
Invoking: ARM v7 gcc compiler
arm-none-eabi-gcc -Wall -O0 -g3 -c -fmessage-length=0 -MT"src/helloworld.o" -mcpu=cortex-a9 -mfpu=vfpv3 -mfloat-abi=hard -I../../LUDH_bsp/ps7_cortexa9_0/include -MMD -MP -MF"src/helloworld.d" -MT"src/helloworld.o" -o "src/helloworld.o" "../src/helloworld.c"
../src/helloworld.c: In function 'main':
../src/helloworld.c:74:45: warning: unused variable 'state_gpio' [-Wunused-variable]
     XGpio start_gpio,reset_gpio,locked_gpio,state_gpio;
                                             ^~~~~~~~~~
../src/helloworld.c:74:33: warning: unused variable 'locked_gpio' [-Wunused-variable]
     XGpio start_gpio,reset_gpio,locked_gpio,state_gpio;
                                 ^~~~~~~~~~~
../src/helloworld.c:74:22: warning: unused variable 'reset_gpio' [-Wunused-variable]
     XGpio start_gpio,reset_gpio,locked_gpio,state_gpio;
                      ^~~~~~~~~~
../src/helloworld.c:73:9: warning: unused variable 'inst_counter' [-Wunused-variable]
     int inst_counter = 0;
         ^~~~~~~~~~~~
../src/helloworld.c:72:9: warning: unused variable 'state' [-Wunused-variable]
     int state = 0;
         ^~~~~
Finished building: ../src/helloworld.c
 
Building target: LUDH.elf
Invoking: ARM v7 gcc linker
arm-none-eabi-gcc -mcpu=cortex-a9 -mfpu=vfpv3 -mfloat-abi=hard -Wl,-build-id=none -specs=Xilinx.spec -Wl,-T -Wl,../src/lscript.ld -L../../LUDH_bsp/ps7_cortexa9_0/lib -o "LUDH.elf"  ./src/helloworld.o ./src/platform.o ./src/ps7_init.o   -Wl,--start-group,-lxil,-lgcc,-lc,--end-group
Finished building target: LUDH.elf
 
Invoking: ARM v7 Print Size
arm-none-eabi-size LUDH.elf  |tee "LUDH.elf.size"
   text	   data	    bss	    dec	    hex	filename
  29208	  12028	  22584	  63820	   f94c	LUDH.elf
Finished building: LUDH.elf.size
 

10:44:19 Build Finished (took 162ms)

